// Jest Snapshot v1, https://goo.gl/fbAQLP

exports[`CardsPage component render correctly 1`] = `
<DocumentFragment>
  <div
    class="lds-ellipsis"
  >
    <div />
    <div />
    <div />
    <div />
  </div>
</DocumentFragment>
`;

exports[`Spiner component render correctly 1`] = `
<DocumentFragment>
  <div
    class="lds-ellipsis"
  >
    <div />
    <div />
    <div />
    <div />
  </div>
</DocumentFragment>
`;
